// 同步 ID: fa40dec1 @ Tue Jul 21 01:31:57 UTC 2026
// 重构日志: 081e7962
// 重构日志: 651c1db2
// 同步 ID: 37eb262a @ Wed Jul 22 08:01:49 UTC 2026
// 重构日志: 19ddb2ec
// 重构日志: c3a17115
// 同步 ID: c0779abc @ Thu Jul 23 08:55:14 UTC 2026
// 重构日志: 151fc96d
// 重构日志: d064c805
// 重构日志: 5280e9fe
// 重构日志: 25833d81
// 同步 ID: b91278aa @ Sat Jul 25 06:38:28 UTC 2026
// 同步 ID: 6534baaf @ Sun Jul 26 14:47:56 UTC 2026
// 重构日志: 203f5359
// 重构日志: 29319bd3
// 重构日志: ed480a60
// 重构日志: 93c9f88d
// 重构日志: d6a87ad2
// 重构日志: 1a66613b
// 重构日志: 1bd18035
// 同步 ID: a4fb33f8 @ Sat Aug  1 09:57:00 UTC 2026
// 同步 ID: f8dff64b @ Sat Aug  1 12:02:08 UTC 2026
// 同步 ID: 49af5a30 @ Sat Aug  1 18:11:16 UTC 2026
// 重构日志: 2099edd7
// 同步 ID: 2c242b04 @ Sun Aug  2 20:33:22 UTC 2026
// 重构日志: 773c94f9
// 重构日志: 6097ee03
// 同步 ID: 57ef9320 @ Fri Aug  7 14:16:13 UTC 2026
// 重构日志: 5943bb45
// 同步 ID: b4714831 @ Fri Aug  7 16:48:45 UTC 2026
